../Core/Src/main.c:74:5:main	8	static
../Core/Src/main.c:123:6:SystemClock_Config	88	static
../Core/Src/main.c:170:13:MX_ADC1_Init	24	static
../Core/Src/main.c:222:13:MX_CAN1_Init	8	static
../Core/Src/main.c:259:13:MX_USART2_UART_Init	8	static
../Core/Src/main.c:290:13:MX_DMA_Init	16	static
../Core/Src/main.c:308:13:MX_GPIO_Init	48	static
../Core/Src/main.c:343:6:HAL_ADC_ConvHalfCpltCallback	16	static
../Core/Src/main.c:348:6:HAL_ADC_ConvCpltCallback	16	static
../Core/Src/main.c:357:6:Error_Handler	4	static,ignoring_inline_asm
