../Core/Src/main.c:74:5:main	8	static
../Core/Src/main.c:123:6:SystemClock_Config	88	static
../Core/Src/main.c:171:13:MX_ADC1_Init	24	static
../Core/Src/main.c:223:13:MX_SPI1_Init	8	static
../Core/Src/main.c:261:13:MX_USART2_UART_Init	8	static
../Core/Src/main.c:292:13:MX_DMA_Init	16	static
../Core/Src/main.c:310:13:MX_GPIO_Init	48	static
../Core/Src/main.c:347:6:HAL_ADC_ConvHalfCpltCallback	16	static
../Core/Src/main.c:352:6:HAL_ADC_ConvCpltCallback	16	static
../Core/Src/main.c:361:6:Error_Handler	4	static,ignoring_inline_asm
